The files belonging to this database system will be owned by user "postgres".
This user must also own the server process.

The database cluster will be initialized with locale "en_US.utf8".
The default database encoding has accordingly been set to "UTF8".
The default text search configuration will be set to "english".

Data page checksums are enabled.

fixing permissions on existing directory /var/lib/postgresql/18/docker ... ok
creating subdirectories ... ok
selecting dynamic shared memory implementation ... posix
selecting default "max_connections" ... 100
selecting default "shared_buffers" ... 128MB
selecting default time zone ... Etc/UTC
creating configuration files ... ok
running bootstrap script ... ok
performing post-bootstrap initialization ... ok
initdb: warning: enabling "trust" authentication for local connections
initdb: hint: You can change this by editing pg_hba.conf or using the option -A, or --auth-local and --auth-host, the next time you run initdb.
syncing data to disk ... ok


Success. You can now start the database server using:

    pg_ctl -D /var/lib/postgresql/18/docker -l logfile start

waiting for server to start....2026-09-26 20:04:51.500 UTC [53] LOG:  starting PostgreSQL 18.6 (Debian 18.6-1.pgdg13+2) on aarch64-unknown-linux-gnu, compiled by gcc (Debian 14.2.0-19) 14.2.0, 64-bit
2026-09-26 20:04:51.501 UTC [53] LOG:  listening on Unix socket "/var/run/postgresql/.s.PGSQL.5432"
2026-09-26 20:04:51.504 UTC [59] LOG:  database system was shut down at 2026-09-26 20:04:51 UTC
2026-09-26 20:04:51.507 UTC [53] LOG:  database system is ready to accept connections
 done
server started

/usr/local/bin/docker-entrypoint.sh: ignoring /docker-entrypoint-initdb.d/*

waiting for server to shut down....2026-09-26 20:04:51.599 UTC [53] LOG:  received fast shutdown request
2026-09-26 20:04:51.600 UTC [53] LOG:  aborting any active transactions
2026-09-26 20:04:51.601 UTC [53] LOG:  background worker "logical replication launcher" (PID 62) exited with exit code 1
2026-09-26 20:04:51.601 UTC [57] LOG:  shutting down
2026-09-26 20:04:51.601 UTC [57] LOG:  checkpoint starting: shutdown immediate
2026-09-26 20:04:51.605 UTC [57] LOG:  checkpoint complete: wrote 0 buffers (0.0%), wrote 3 SLRU buffers; 0 WAL file(s) added, 0 removed, 0 recycled; write=0.003 s, sync=0.001 s, total=0.005 s; sync files=2, longest=0.001 s, average=0.001 s; distance=0 kB, estimate=0 kB; lsn=0/1761920, redo lsn=0/1761920
2026-09-26 20:04:51.609 UTC [53] LOG:  database system is shut down
 done
server stopped

PostgreSQL init process complete; ready for start up.

2026-09-26 20:04:51.724 UTC [1] LOG:  starting PostgreSQL 18.6 (Debian 18.6-1.pgdg13+2) on aarch64-unknown-linux-gnu, compiled by gcc (Debian 14.2.0-19) 14.2.0, 64-bit
2026-09-26 20:04:51.724 UTC [1] LOG:  listening on IPv4 address "0.0.0.0", port 5432
2026-09-26 20:04:51.725 UTC [1] LOG:  listening on IPv6 address "::", port 5432
2026-09-26 20:04:51.726 UTC [1] LOG:  listening on Unix socket "/var/run/postgresql/.s.PGSQL.5432"
2026-09-26 20:04:51.727 UTC [73] LOG:  database system was shut down at 2026-09-26 20:04:51 UTC
2026-09-26 20:04:51.729 UTC [1] LOG:  database system is ready to accept connections
2026-09-26 20:05:21.786 UTC [84] LOG:  automatic analyze of table "template1.pg_catalog.pg_type"
	I/O timings: read: 1.208 ms, write: 0.053 ms
	avg read rate: 26.195 MB/s, avg write rate: 4.136 MB/s
	buffer usage: 1019 hits, 57 reads, 9 dirtied
	WAL usage: 97 records, 8 full page images, 74965 bytes, 0 buffers full
	system usage: CPU: user: 0.00 s, system: 0.00 s, elapsed: 0.01 s
2026-09-26 20:05:21.788 UTC [84] LOG:  automatic aggressive vacuum of table "template1.pg_catalog.pg_attribute": index scans: 0
	pages: 0 removed, 55 remain, 1 scanned (1.82% of total), 0 eagerly scanned
	tuples: 0 removed, 3161 remain, 0 are dead but not yet removable
	removable cutoff: 754, which was 0 XIDs old when operation ended
	new relfrozenxid: 754, which is 9 XIDs ahead of previous value
	frozen: 0 pages from table (0.00% of total) had 0 tuples frozen
	visibility map: 0 pages set all-visible, 0 pages set all-frozen (0 were all-visible)
	index scan not needed: 0 pages from table (0.00% of total) had 0 dead item identifiers removed
	I/O timings: read: 0.061 ms, write: 0.000 ms
	avg read rate: 128.495 MB/s, avg write rate: 25.699 MB/s
	buffer usage: 13 hits, 5 reads, 1 dirtied
	WAL usage: 1 records, 1 full page images, 8103 bytes, 0 buffers full
	system usage: CPU: user: 0.00 s, system: 0.00 s, elapsed: 0.00 s
2026-09-26 20:05:21.800 UTC [84] LOG:  automatic analyze of table "template1.pg_catalog.pg_attribute"
	I/O timings: read: 0.130 ms, write: 0.014 ms
	avg read rate: 6.010 MB/s, avg write rate: 4.207 MB/s
	buffer usage: 495 hits, 10 reads, 7 dirtied
	WAL usage: 79 records, 6 full page images, 49233 bytes, 0 buffers full
	system usage: CPU: user: 0.00 s, system: 0.00 s, elapsed: 0.01 s
2026-09-26 20:05:21.806 UTC [84] LOG:  automatic analyze of table "template1.pg_catalog.pg_class"
	I/O timings: read: 0.091 ms, write: 0.027 ms
	avg read rate: 7.812 MB/s, avg write rate: 5.208 MB/s
	buffer usage: 551 hits, 6 reads, 4 dirtied
	WAL usage: 102 records, 3 full page images, 40716 bytes, 0 buffers full
	system usage: CPU: user: 0.00 s, system: 0.00 s, elapsed: 0.00 s
2026-09-26 20:05:21.809 UTC [84] LOG:  automatic analyze of table "template1.information_schema.sql_features"
	I/O timings: read: 0.335 ms, write: 0.044 ms
	avg read rate: 58.594 MB/s, avg write rate: 27.344 MB/s
	buffer usage: 184 hits, 15 reads, 7 dirtied
	WAL usage: 32 records, 5 full page images, 42431 bytes, 0 buffers full
	system usage: CPU: user: 0.00 s, system: 0.00 s, elapsed: 0.00 s
2026-09-26 20:05:21.814 UTC [84] LOG:  automatic analyze of table "template1.pg_catalog.pg_constraint"
	I/O timings: read: 0.134 ms, write: 0.034 ms
	avg read rate: 11.719 MB/s, avg write rate: 6.510 MB/s
	buffer usage: 563 hits, 9 reads, 5 dirtied
	WAL usage: 84 records, 3 full page images, 33564 bytes, 0 buffers full
	system usage: CPU: user: 0.00 s, system: 0.00 s, elapsed: 0.00 s
2026-09-26 20:05:21.815 UTC [84] LOG:  automatic analyze of table "template1.pg_catalog.pg_rewrite"
	I/O timings: read: 0.242 ms, write: 0.000 ms
	avg read rate: 125.000 MB/s, avg write rate: 7.812 MB/s
	buffer usage: 110 hits, 16 reads, 1 dirtied
	WAL usage: 22 records, 1 full page images, 11609 bytes, 0 buffers full
	system usage: CPU: user: 0.00 s, system: 0.00 s, elapsed: 0.00 s
2026-09-26 20:05:21.816 UTC [84] LOG:  automatic aggressive vacuum of table "template1.pg_catalog.pg_description": index scans: 0
	pages: 0 removed, 46 remain, 1 scanned (2.17% of total), 0 eagerly scanned
	tuples: 0 removed, 5372 remain, 0 are dead but not yet removable
	removable cutoff: 759, which was 0 XIDs old when operation ended
	new relfrozenxid: 759, which is 14 XIDs ahead of previous value
	frozen: 0 pages from table (0.00% of total) had 0 tuples frozen
	visibility map: 0 pages set all-visible, 0 pages set all-frozen (0 were all-visible)
	index scan not needed: 0 pages from table (0.00% of total) had 0 dead item identifiers removed
	I/O timings: read: 0.126 ms, write: 0.000 ms
	avg read rate: 146.028 MB/s, avg write rate: 24.338 MB/s
	buffer usage: 31 hits, 6 reads, 1 dirtied
	WAL usage: 1 records, 1 full page images, 7935 bytes, 0 buffers full
	system usage: CPU: user: 0.00 s, system: 0.00 s, elapsed: 0.00 s
2026-09-26 20:05:21.820 UTC [84] LOG:  automatic analyze of table "template1.pg_catalog.pg_description"
	I/O timings: read: 0.652 ms, write: 0.000 ms
	avg read rate: 70.312 MB/s, avg write rate: 0.000 MB/s
	buffer usage: 57 hits, 45 reads, 0 dirtied
	WAL usage: 14 records, 0 full page images, 5323 bytes, 0 buffers full
	system usage: CPU: user: 0.00 s, system: 0.00 s, elapsed: 0.00 s
2026-09-26 20:05:21.821 UTC [84] LOG:  automatic aggressive vacuum of table "template1.pg_catalog.pg_depend": index scans: 0
	pages: 0 removed, 13 remain, 13 scanned (100.00% of total), 0 eagerly scanned
	tuples: 0 removed, 1725 remain, 0 are dead but not yet removable
	removable cutoff: 760, which was 0 XIDs old when operation ended
	new relfrozenxid: 760, which is 15 XIDs ahead of previous value
	frozen: 0 pages from table (0.00% of total) had 0 tuples frozen
	visibility map: 0 pages set all-visible, 0 pages set all-frozen (0 were all-visible)
	index scan not needed: 0 pages from table (0.00% of total) had 0 dead item identifiers removed
	I/O timings: read: 0.247 ms, write: 0.000 ms
	avg read rate: 355.965 MB/s, avg write rate: 0.000 MB/s
	buffer usage: 60 hits, 19 reads, 0 dirtied
	WAL usage: 1 records, 0 full page images, 311 bytes, 0 buffers full
	system usage: CPU: user: 0.00 s, system: 0.00 s, elapsed: 0.00 s
2026-09-26 20:05:21.823 UTC [84] LOG:  automatic analyze of table "template1.pg_catalog.pg_depend"
	I/O timings: read: 0.007 ms, write: 0.005 ms
	avg read rate: 3.906 MB/s, avg write rate: 11.719 MB/s
	buffer usage: 109 hits, 1 reads, 3 dirtied
	WAL usage: 21 records, 2 full page images, 22064 bytes, 0 buffers full
	system usage: CPU: user: 0.00 s, system: 0.00 s, elapsed: 0.00 s
2026-09-26 20:05:21.823 UTC [84] LOG:  automatic analyze of table "template1.pg_catalog.pg_ts_config_map"
	I/O timings: read: 0.101 ms, write: 0.000 ms
	avg read rate: 39.062 MB/s, avg write rate: 0.000 MB/s
	buffer usage: 56 hits, 5 reads, 0 dirtied
	WAL usage: 12 records, 0 full page images, 2022 bytes, 0 buffers full
	system usage: CPU: user: 0.00 s, system: 0.00 s, elapsed: 0.00 s
2026-09-26 20:05:21.824 UTC [84] LOG:  automatic analyze of table "template1.pg_catalog.pg_init_privs"
	I/O timings: read: 0.081 ms, write: 0.000 ms
	avg read rate: 39.062 MB/s, avg write rate: 7.812 MB/s
	buffer usage: 84 hits, 5 reads, 1 dirtied
	WAL usage: 15 records, 1 full page images, 10988 bytes, 0 buffers full
	system usage: CPU: user: 0.00 s, system: 0.00 s, elapsed: 0.00 s
2026-09-26 20:05:21.825 UTC [84] LOG:  automatic analyze of table "template1.pg_catalog.pg_collation"
	I/O timings: read: 0.513 ms, write: 0.005 ms
	avg read rate: 66.406 MB/s, avg write rate: 3.906 MB/s
	buffer usage: 133 hits, 17 reads, 1 dirtied
	WAL usage: 28 records, 0 full page images, 4302 bytes, 0 buffers full
	system usage: CPU: user: 0.00 s, system: 0.00 s, elapsed: 0.00 s
2026-09-26 20:06:21.875 UTC [86] LOG:  automatic aggressive vacuum of table "template1.pg_catalog.pg_statistic": index scans: 1
	pages: 0 removed, 26 remain, 26 scanned (100.00% of total), 0 eagerly scanned
	tuples: 127 removed, 412 remain, 0 are dead but not yet removable
	removable cutoff: 764, which was 0 XIDs old when operation ended
	new relfrozenxid: 764, which is 19 XIDs ahead of previous value
	frozen: 14 pages from table (53.85% of total) had 166 tuples frozen
	visibility map: 21 pages set all-visible, 21 pages set all-frozen (0 were all-visible)
	index scan needed: 13 pages from table (50.00% of total) had 150 dead item identifiers removed
	index "pg_statistic_relid_att_inh_index": pages: 5 in total, 0 newly deleted, 0 currently deleted, 0 reusable
	I/O timings: read: 0.471 ms, write: 0.000 ms
	avg read rate: 17.772 MB/s, avg write rate: 7.109 MB/s
	buffer usage: 101 hits, 5 reads, 2 dirtied
	WAL usage: 60 records, 2 full page images, 13893 bytes, 0 buffers full
	system usage: CPU: user: 0.00 s, system: 0.00 s, elapsed: 0.00 s
2026-09-26 20:07:29.760 UTC [71] LOG:  checkpoint starting: wal
2026-09-26 20:08:04.317 UTC [142] ERROR:  operator does not exist: bigint = bigint[] at character 98
2026-09-26 20:08:04.317 UTC [142] HINT:  No operator matches the given name and argument types. You might need to add explicit type casts.
2026-09-26 20:08:04.317 UTC [142] STATEMENT:  EXPLAIN (ANALYZE, BUFFERS, COSTS OFF)
	UPDATE domains SET status = 1, claimed_at = now()
	WHERE id = ANY((SELECT array_agg(id) FROM (SELECT id FROM domains WHERE status=0 ORDER BY discovered_at, id LIMIT 32) s)) AND status = 0 RETURNING id, name;
2026-09-26 20:08:15.550 UTC [71] LOG:  checkpoint complete: wrote 80 buffers (0.1%), wrote 3 SLRU buffers; 0 WAL file(s) added, 4 removed, 265 recycled; write=44.483 s, sync=0.248 s, total=45.791 s; sync files=630, longest=0.054 s, average=0.001 s; distance=4405625 kB, estimate=4405625 kB; lsn=2/404F6C0, redo lsn=1/E5C0028
2026-09-26 20:08:16.411 UTC [71] LOG:  checkpoint starting: wal
2026-09-26 20:08:32.483 UTC [71] LOG:  checkpoint complete: wrote 516 buffers (0.4%), wrote 1 SLRU buffers; 0 WAL file(s) added, 2 removed, 267 recycled; write=15.203 s, sync=0.007 s, total=16.073 s; sync files=22, longest=0.004 s, average=0.001 s; distance=4409852 kB, estimate=4409852 kB; lsn=3/F18EF20, redo lsn=2/1B83F2A8
2026-09-26 20:08:33.489 UTC [71] LOG:  checkpoints are occurring too frequently (17 seconds apart)
2026-09-26 20:08:33.489 UTC [71] HINT:  Consider increasing the configuration parameter "max_wal_size".
2026-09-26 20:08:33.489 UTC [71] LOG:  checkpoint starting: wal
2026-09-26 20:09:06.818 UTC [161] LOG:  skipping vacuum of "domains" --- lock not available
2026-09-26 20:09:41.657 UTC [71] LOG:  checkpoint complete: wrote 114776 buffers (87.6%), wrote 0 SLRU buffers; 0 WAL file(s) added, 2 removed, 268 recycled; write=67.658 s, sync=0.097 s, total=68.169 s; sync files=13, longest=0.057 s, average=0.008 s; distance=4415309 kB, estimate=4415309 kB; lsn=4/1C02EAC8, redo lsn=3/29012A60
2026-09-26 20:09:43.009 UTC [71] LOG:  checkpoint starting: wal
2026-09-26 20:09:57.398 UTC [71] LOG:  checkpoint complete: wrote 6967 buffers (5.3%), wrote 1 SLRU buffers; 0 WAL file(s) added, 2 removed, 267 recycled; write=13.546 s, sync=0.047 s, total=14.390 s; sync files=25, longest=0.037 s, average=0.002 s; distance=4414410 kB, estimate=4415219 kB; lsn=5/29FBE900, redo lsn=4/36705290
2026-09-26 20:09:57.771 UTC [71] LOG:  checkpoints are occurring too frequently (14 seconds apart)
2026-09-26 20:09:57.771 UTC [71] HINT:  Consider increasing the configuration parameter "max_wal_size".
2026-09-26 20:09:57.771 UTC [71] LOG:  checkpoint starting: wal
2026-09-26 20:20:59.473 UTC [264] LOG:  automatic vacuum of table "s1.public.domains": index scans: 1
	pages: 0 removed, 65212 remain, 33190 scanned (50.90% of total), 0 eagerly scanned
	tuples: 47457 removed, 4509012 remain, 0 are dead but not yet removable
	removable cutoff: 22296, which was 1107 XIDs old when operation ended
	new relfrozenxid: 782, which is 9 XIDs ahead of previous value
	frozen: 5572 pages from table (8.54% of total) had 5770 tuples frozen
	visibility map: 27700 pages set all-visible, 17948 pages set all-frozen (0 were all-visible)
	index scan needed: 19029 pages from table (29.18% of total) had 578978 dead item identifiers removed
	index "domains_pkey": pages: 14586 in total, 0 newly deleted, 0 currently deleted, 0 reusable
	index "domains_name_key": pages: 29340 in total, 0 newly deleted, 0 currently deleted, 0 reusable
	index "domains_frontier": pages: 15458 in total, 1090 newly deleted, 1090 currently deleted, 1090 reusable
	index "domains_frontier_rk": pages: 14688 in total, 1065 newly deleted, 1065 currently deleted, 1065 reusable
	I/O timings: read: 21.260 ms, write: 18.157 ms
	avg read rate: 47.507 MB/s, avg write rate: 7.902 MB/s
	buffer usage: 129538 hits, 45165 reads, 7512 dirtied
	WAL usage: 109579 records, 7512 full page images, 68718050 bytes, 0 buffers full
	system usage: CPU: user: 1.90 s, system: 0.31 s, elapsed: 7.42 s
2026-09-26 20:21:00.909 UTC [264] LOG:  automatic analyze of table "s1.public.domains"
	I/O timings: read: 421.519 ms, write: 0.240 ms
	avg read rate: 91.331 MB/s, avg write rate: 0.043 MB/s
	buffer usage: 13830 hits, 16799 reads, 8 dirtied
	WAL usage: 49 records, 7 full page images, 56226 bytes, 0 buffers full
	system usage: CPU: user: 0.34 s, system: 0.04 s, elapsed: 1.43 s
2026-09-26 20:22:07.568 UTC [286] LOG:  automatic vacuum of table "s2.public.domains": index scans: 0
	pages: 0 removed, 618635 remain, 7325 scanned (1.18% of total), 0 eagerly scanned
	tuples: 14558 removed, 49992780 remain, 20 are dead but not yet removable
	removable cutoff: 31871, which was 49 XIDs old when operation ended
	new relfrozenxid: 20731, which is 19092 XIDs ahead of previous value
	frozen: 0 pages from table (0.00% of total) had 0 tuples frozen
	visibility map: 782 pages set all-visible, 0 pages set all-frozen (0 were all-visible)
	index scan bypassed: 6475 pages from table (1.05% of total) have 368734 dead item identifiers
	I/O timings: read: 14.079 ms, write: 17.773 ms
	avg read rate: 10.791 MB/s, avg write rate: 8.491 MB/s
	buffer usage: 7660 hits, 835 reads, 657 dirtied
	WAL usage: 4804 records, 0 full page images, 292646 bytes, 0 buffers full
	system usage: CPU: user: 0.19 s, system: 0.07 s, elapsed: 0.60 s
2026-09-26 20:23:28.355 UTC [71] LOG:  checkpoint complete: wrote 18615 buffers (14.2%), wrote 1 SLRU buffers; 0 WAL file(s) added, 0 removed, 270 recycled; write=809.223 s, sync=0.858 s, total=810.584 s; sync files=37, longest=0.742 s, average=0.024 s; distance=4416770 kB, estimate=4416770 kB; lsn=6/F4FA8F0, redo lsn=5/44045E50
2026-09-26 20:24:27.842 UTC [71] LOG:  checkpoint starting: wal
2026-09-26 20:26:13.429 UTC [71] LOG:  checkpoint complete: wrote 48062 buffers (36.7%), wrote 6 SLRU buffers; 0 WAL file(s) added, 0 removed, 269 recycled; write=103.963 s, sync=0.760 s, total=105.588 s; sync files=70, longest=0.679 s, average=0.011 s; distance=4414945 kB, estimate=4416588 kB; lsn=7/43E6A120, redo lsn=6/517BE298
2026-09-26 20:26:18.388 UTC [71] LOG:  checkpoint starting: wal
2026-09-26 20:27:54.395 UTC [461] LOG:  automatic analyze of table "s1.public.domains"
	I/O timings: read: 608.104 ms, write: 0.000 ms
	avg read rate: 71.729 MB/s, avg write rate: 0.035 MB/s
	buffer usage: 12345 hits, 18335 reads, 9 dirtied
	WAL usage: 38 records, 9 full page images, 66414 bytes, 0 buffers full
	system usage: CPU: user: 0.60 s, system: 0.13 s, elapsed: 1.99 s
2026-09-26 20:29:00.612 UTC [465] LOG:  automatic vacuum of table "s1.public.domains": index scans: 1
	pages: 0 removed, 75701 remain, 45965 scanned (60.72% of total), 0 eagerly scanned
	tuples: 152381 removed, 4591019 remain, 35 are dead but not yet removable
	removable cutoff: 82976, which was 1204 XIDs old when operation ended
	frozen: 0 pages from table (0.00% of total) had 0 tuples frozen
	visibility map: 31198 pages set all-visible, 9422 pages set all-frozen (0 were all-visible)
	index scan needed: 29020 pages from table (38.34% of total) had 1424030 dead item identifiers removed
	index "domains_pkey": pages: 17106 in total, 0 newly deleted, 0 currently deleted, 0 reusable
	index "domains_name_key": pages: 29402 in total, 0 newly deleted, 0 currently deleted, 0 reusable
	index "domains_frontier": pages: 13643 in total, 2533 newly deleted, 2533 currently deleted, 2533 reusable
	index "domains_frontier_rk": pages: 12964 in total, 2398 newly deleted, 2398 currently deleted, 2398 reusable
	I/O timings: read: 85.281 ms, write: 27.930 ms
	avg read rate: 43.433 MB/s, avg write rate: 2.844 MB/s
	buffer usage: 183513 hits, 45594 reads, 2986 dirtied
	WAL usage: 130449 records, 2974 full page images, 35570436 bytes, 0 buffers full
	system usage: CPU: user: 2.61 s, system: 0.34 s, elapsed: 8.20 s
2026-09-26 20:29:02.073 UTC [465] LOG:  automatic analyze of table "s1.public.domains"
	I/O timings: read: 261.386 ms, write: 0.336 ms
	avg read rate: 82.807 MB/s, avg write rate: 0.005 MB/s
	buffer usage: 15137 hits, 15475 reads, 1 dirtied
	WAL usage: 34 records, 1 full page images, 18847 bytes, 0 buffers full
	system usage: CPU: user: 0.42 s, system: 0.07 s, elapsed: 1.45 s
2026-09-26 20:29:54.231 UTC [471] LOG:  automatic analyze of table "s1.public.domains"
	I/O timings: read: 412.276 ms, write: 0.000 ms
	avg read rate: 59.844 MB/s, avg write rate: 0.000 MB/s
	buffer usage: 16709 hits, 13926 reads, 0 dirtied
	WAL usage: 27 records, 0 full page images, 13562 bytes, 0 buffers full
	system usage: CPU: user: 0.63 s, system: 0.15 s, elapsed: 1.81 s
2026-09-26 20:30:53.833 UTC [492] LOG:  automatic analyze of table "s1.public.domains"
	I/O timings: read: 81.724 ms, write: 0.000 ms
	avg read rate: 33.417 MB/s, avg write rate: 0.033 MB/s
	buffer usage: 24585 hits, 6044 reads, 6 dirtied
	WAL usage: 25 records, 0 full page images, 13353 bytes, 0 buffers full
	system usage: CPU: user: 0.63 s, system: 0.18 s, elapsed: 1.41 s
2026-09-26 20:31:36.462 UTC [71] LOG:  checkpoint complete: wrote 21412 buffers (16.3%), wrote 2 SLRU buffers; 0 WAL file(s) added, 0 removed, 269 recycled; write=317.850 s, sync=0.026 s, total=318.075 s; sync files=50, longest=0.013 s, average=0.001 s; distance=4400355 kB, estimate=4414965 kB; lsn=8/3AFB9DA0, redo lsn=7/5E0F6EF0
2026-09-26 20:31:36.463 UTC [71] LOG:  checkpoint starting: immediate force wait
2026-09-26 20:31:40.593 UTC [71] LOG:  checkpoint complete: wrote 117892 buffers (89.9%), wrote 6 SLRU buffers; 0 WAL file(s) added, 0 removed, 220 recycled; write=3.673 s, sync=0.128 s, total=4.130 s; sync files=24, longest=0.123 s, average=0.006 s; distance=3619595 kB, estimate=4335428 kB; lsn=8/3AFB9E70, redo lsn=8/3AFB9E18
2026-09-26 20:31:47.604 UTC [71] LOG:  checkpoint starting: immediate force wait
2026-09-26 20:31:49.498 UTC [71] LOG:  checkpoint complete: wrote 42666 buffers (32.6%), wrote 1 SLRU buffers; 0 WAL file(s) added, 7 removed, 14 recycled; write=1.712 s, sync=0.135 s, total=1.895 s; sync files=34, longest=0.127 s, average=0.004 s; distance=343553 kB, estimate=3936240 kB; lsn=8/4FF3A450, redo lsn=8/4FF3A3F8
